Component: Arm Compiler for Embedded 6.23 Tool: armlink [5f102400]

==============================================================================

Section Cross References

    principal.o(.text.main) refers to mygirouette.o(.text.Init_Girouette) for Init_Girouette
    principal.o(.text.main) refers to mygirouette.o(.text.lire_angle) for lire_angle
    principal.o(.text.main) refers to mygirouette.o(.text.convertir_angle) for convertir_angle
    principal.o(.text.main) refers to mygirouette.o(.text.ajuster_voile) for ajuster_voile
    principal.o(.ARM.exidx.text.main) refers to principal.o(.text.main) for [Anonymous Symbol]
    myadc.o(.ARM.exidx.text.ADC_Init) refers to myadc.o(.text.ADC_Init) for [Anonymous Symbol]
    myadc.o(.ARM.exidx.text.ADC_Read) refers to myadc.o(.text.ADC_Read) for [Anonymous Symbol]
    mygirouette.o(.text.Init_Girouette) refers to gpio.o(.text.configureInputGPIO) for configureInputGPIO
    mygirouette.o(.text.Init_Girouette) refers to mytimer.o(.text.MyTimer_Base_Init) for MyTimer_Base_Init
    mygirouette.o(.text.Init_Girouette) refers to mytimer.o(.text.Conf_capture_phaseAB) for Conf_capture_phaseAB
    mygirouette.o(.ARM.exidx.text.Init_Girouette) refers to mygirouette.o(.text.Init_Girouette) for [Anonymous Symbol]
    mygirouette.o(.text.lire_angle) refers to mytimer.o(.bss.lire_phase_A) for lire_phase_A
    mygirouette.o(.text.lire_angle) refers to mytimer.o(.bss.lire_phase_B) for lire_phase_B
    mygirouette.o(.text.lire_angle) refers to mytimer.o(.bss.lire_I) for lire_I
    mygirouette.o(.text.lire_angle) refers to mygirouette.o(.bss.last_phase_a) for last_phase_a
    mygirouette.o(.text.lire_angle) refers to mygirouette.o(.bss.last_phase_b) for last_phase_b
    mygirouette.o(.ARM.exidx.text.lire_angle) refers to mygirouette.o(.text.lire_angle) for [Anonymous Symbol]
    mygirouette.o(.ARM.exidx.text.convertir_angle) refers to mygirouette.o(.text.convertir_angle) for [Anonymous Symbol]
    mygirouette.o(.text.ajuster_voile) refers to dflt_clz.o(x$fpl$dflt) for __aeabi_i2d
    mygirouette.o(.text.ajuster_voile) refers to daddsub_clz.o(x$fpl$dadd) for __aeabi_dadd
    mygirouette.o(.text.ajuster_voile) refers to dmul.o(x$fpl$dmul) for __aeabi_dmul
    mygirouette.o(.text.ajuster_voile) refers to dfix.o(x$fpl$dfix) for __aeabi_d2iz
    mygirouette.o(.text.ajuster_voile) refers to mytimer.o(.text.my_PWM_set_cycle) for my_PWM_set_cycle
    mygirouette.o(.ARM.exidx.text.ajuster_voile) refers to mygirouette.o(.text.ajuster_voile) for [Anonymous Symbol]
    mytimer.o(.ARM.exidx.text.MyTimer_Base_Init) refers to mytimer.o(.text.MyTimer_Base_Init) for [Anonymous Symbol]
    mytimer.o(.text.CNT_Handler_phase_A) refers to mytimer.o(.bss.lire_phase_A) for lire_phase_A
    mytimer.o(.ARM.exidx.text.CNT_Handler_phase_A) refers to mytimer.o(.text.CNT_Handler_phase_A) for [Anonymous Symbol]
    mytimer.o(.text.CNT_Handler_phase_B) refers to mytimer.o(.bss.lire_phase_B) for lire_phase_B
    mytimer.o(.ARM.exidx.text.CNT_Handler_phase_B) refers to mytimer.o(.text.CNT_Handler_phase_B) for [Anonymous Symbol]
    mytimer.o(.text.Conf_capture_phaseAB) refers to mytimer.o(.text.__NVIC_EnableIRQ) for __NVIC_EnableIRQ
    mytimer.o(.text.Conf_capture_phaseAB) refers to mytimer.o(.bss.TIM2_func) for TIM2_func
    mytimer.o(.text.Conf_capture_phaseAB) refers to mytimer.o(.text.CNT_Handler_phase_A) for CNT_Handler_phase_A
    mytimer.o(.text.Conf_capture_phaseAB) refers to mytimer.o(.bss.TIM3_func) for TIM3_func
    mytimer.o(.text.Conf_capture_phaseAB) refers to mytimer.o(.text.CNT_Handler_phase_B) for CNT_Handler_phase_B
    mytimer.o(.ARM.exidx.text.Conf_capture_phaseAB) refers to mytimer.o(.text.Conf_capture_phaseAB) for [Anonymous Symbol]
    mytimer.o(.ARM.exidx.text.__NVIC_EnableIRQ) refers to mytimer.o(.text.__NVIC_EnableIRQ) for [Anonymous Symbol]
    mytimer.o(.text.MyTimer_ActiveIT) refers to mytimer.o(.text.__NVIC_EnableIRQ) for __NVIC_EnableIRQ
    mytimer.o(.text.MyTimer_ActiveIT) refers to mytimer.o(.text.__NVIC_SetPriority) for __NVIC_SetPriority
    mytimer.o(.text.MyTimer_ActiveIT) refers to mytimer.o(.bss.TIM1_func) for TIM1_func
    mytimer.o(.text.MyTimer_ActiveIT) refers to mytimer.o(.bss.TIM2_func) for TIM2_func
    mytimer.o(.text.MyTimer_ActiveIT) refers to mytimer.o(.bss.TIM3_func) for TIM3_func
    mytimer.o(.text.MyTimer_ActiveIT) refers to mytimer.o(.bss.TIM4_func) for TIM4_func
    mytimer.o(.ARM.exidx.text.MyTimer_ActiveIT) refers to mytimer.o(.text.MyTimer_ActiveIT) for [Anonymous Symbol]
    mytimer.o(.ARM.exidx.text.__NVIC_SetPriority) refers to mytimer.o(.text.__NVIC_SetPriority) for [Anonymous Symbol]
    mytimer.o(.ARM.exidx.text.MyTimer_PWM_init) refers to mytimer.o(.text.MyTimer_PWM_init) for [Anonymous Symbol]
    mytimer.o(.ARM.exidx.text.my_PWM_set_cycle) refers to mytimer.o(.text.my_PWM_set_cycle) for [Anonymous Symbol]
    mytimer.o(.text.TIM1_UP_IRQHandler) refers to mytimer.o(.bss.TIM1_func) for TIM1_func
    mytimer.o(.ARM.exidx.text.TIM1_UP_IRQHandler) refers to mytimer.o(.text.TIM1_UP_IRQHandler) for [Anonymous Symbol]
    mytimer.o(.text.TIM2_IRQHandler) refers to mytimer.o(.bss.TIM2_func) for TIM2_func
    mytimer.o(.ARM.exidx.text.TIM2_IRQHandler) refers to mytimer.o(.text.TIM2_IRQHandler) for [Anonymous Symbol]
    mytimer.o(.text.TIM3_IRQHandler) refers to mytimer.o(.bss.TIM3_func) for TIM3_func
    mytimer.o(.ARM.exidx.text.TIM3_IRQHandler) refers to mytimer.o(.text.TIM3_IRQHandler) for [Anonymous Symbol]
    mytimer.o(.text.TIM4_IRQHandler) refers to mytimer.o(.bss.TIM4_func) for TIM4_func
    mytimer.o(.ARM.exidx.text.TIM4_IRQHandler) refers to mytimer.o(.text.TIM4_IRQHandler) for [Anonymous Symbol]
    myuart.o(.text.Init_UART) refers to dflt_clz.o(x$fpl$dflt) for __aeabi_i2d
    myuart.o(.text.Init_UART) refers to ddiv.o(x$fpl$ddiv) for __aeabi_ddiv
    myuart.o(.text.Init_UART) refers to dfix.o(x$fpl$dfix) for __aeabi_d2iz
    myuart.o(.text.Init_UART) refers to gpio.o(.text.configureOutputGPIO) for configureOutputGPIO
    myuart.o(.ARM.exidx.text.Init_UART) refers to myuart.o(.text.Init_UART) for [Anonymous Symbol]
    myuart.o(.ARM.exidx.text.Print_UART) refers to myuart.o(.text.Print_UART) for [Anonymous Symbol]
    myuart.o(.text.Active_IT_Read_UART) refers to myuart.o(.bss.callbackUART1) for callbackUART1
    myuart.o(.text.Active_IT_Read_UART) refers to myuart.o(.bss.callbackUART2) for callbackUART2
    myuart.o(.text.Active_IT_Read_UART) refers to myuart.o(.bss.callbackUART3) for callbackUART3
    myuart.o(.ARM.exidx.text.Active_IT_Read_UART) refers to myuart.o(.text.Active_IT_Read_UART) for [Anonymous Symbol]
    myuart.o(.text.USART1_IRQHandler) refers to myuart.o(.bss.callbackUART1) for callbackUART1
    myuart.o(.ARM.exidx.text.USART1_IRQHandler) refers to myuart.o(.text.USART1_IRQHandler) for [Anonymous Symbol]
    myuart.o(.text.USART2_IRQHandler) refers to myuart.o(.bss.callbackUART2) for callbackUART2
    myuart.o(.ARM.exidx.text.USART2_IRQHandler) refers to myuart.o(.text.USART2_IRQHandler) for [Anonymous Symbol]
    myuart.o(.text.USART3_IRQHandler) refers to myuart.o(.bss.callbackUART3) for callbackUART3
    myuart.o(.ARM.exidx.text.USART3_IRQHandler) refers to myuart.o(.text.USART3_IRQHandler) for [Anonymous Symbol]
    gpio.o(.ARM.exidx.text.setupClock) refers to gpio.o(.text.setupClock) for [Anonymous Symbol]
    gpio.o(.text.configureInputGPIO) refers to gpio.o(.text.setupClock) for setupClock
    gpio.o(.ARM.exidx.text.configureInputGPIO) refers to gpio.o(.text.configureInputGPIO) for [Anonymous Symbol]
    gpio.o(.text.configureOutputGPIO) refers to gpio.o(.text.setupClock) for setupClock
    gpio.o(.ARM.exidx.text.configureOutputGPIO) refers to gpio.o(.text.configureOutputGPIO) for [Anonymous Symbol]
    gpio.o(.ARM.exidx.text.GPIO_Read) refers to gpio.o(.text.GPIO_Read) for [Anonymous Symbol]
    gpio.o(.ARM.exidx.text.GPIO_Set) refers to gpio.o(.text.GPIO_Set) for [Anonymous Symbol]
    gpio.o(.ARM.exidx.text.GPIO_Reset) refers to gpio.o(.text.GPIO_Reset) for [Anonymous Symbol]
    gpio.o(.ARM.exidx.text.GPIO_Toggle) refers to gpio.o(.text.GPIO_Toggle) for [Anonymous Symbol]
    startup_stm32f10x_md.o(STACK) refers (Special) to heapauxi.o(.text) for __use_two_region_memory
    startup_stm32f10x_md.o(HEAP) refers (Special) to heapauxi.o(.text) for __use_two_region_memory
    startup_stm32f10x_md.o(RESET) refers (Special) to heapauxi.o(.text) for __use_two_region_memory
    startup_stm32f10x_md.o(RESET) refers to startup_stm32f10x_md.o(STACK) for __initial_sp
    startup_stm32f10x_md.o(RESET) refers to startup_stm32f10x_md.o(.text) for Reset_Handler
    startup_stm32f10x_md.o(RESET) refers to mytimer.o(.text.TIM1_UP_IRQHandler) for TIM1_UP_IRQHandler
    startup_stm32f10x_md.o(RESET) refers to mytimer.o(.text.TIM2_IRQHandler) for TIM2_IRQHandler
    startup_stm32f10x_md.o(RESET) refers to mytimer.o(.text.TIM3_IRQHandler) for TIM3_IRQHandler
    startup_stm32f10x_md.o(RESET) refers to mytimer.o(.text.TIM4_IRQHandler) for TIM4_IRQHandler
    startup_stm32f10x_md.o(RESET) refers to myuart.o(.text.USART1_IRQHandler) for USART1_IRQHandler
    startup_stm32f10x_md.o(RESET) refers to myuart.o(.text.USART2_IRQHandler) for USART2_IRQHandler
    startup_stm32f10x_md.o(RESET) refers to myuart.o(.text.USART3_IRQHandler) for USART3_IRQHandler
    startup_stm32f10x_md.o(.text) refers (Special) to heapauxi.o(.text) for __use_two_region_memory
    startup_stm32f10x_md.o(.text) refers to system_stm32f10x.o(.text.SystemInit) for SystemInit
    startup_stm32f10x_md.o(.text) refers to __main.o(!!!main) for __main
    startup_stm32f10x_md.o(.text) refers to startup_stm32f10x_md.o(HEAP) for Heap_Mem
    startup_stm32f10x_md.o(.text) refers to startup_stm32f10x_md.o(STACK) for Stack_Mem
    system_stm32f10x.o(.text.SystemInit) refers to system_stm32f10x.o(.text.SetSysClock) for SetSysClock
    system_stm32f10x.o(.ARM.exidx.text.SystemInit) refers to system_stm32f10x.o(.text.SystemInit) for [Anonymous Symbol]
    system_stm32f10x.o(.text.SetSysClock) refers to system_stm32f10x.o(.text.SetSysClockTo72) for SetSysClockTo72
    system_stm32f10x.o(.ARM.exidx.text.SetSysClock) refers to system_stm32f10x.o(.text.SetSysClock) for [Anonymous Symbol]
    system_stm32f10x.o(.text.SystemCoreClockUpdate) refers to system_stm32f10x.o(.data.SystemCoreClock) for SystemCoreClock
    system_stm32f10x.o(.text.SystemCoreClockUpdate) refers to system_stm32f10x.o(.rodata.AHBPrescTable) for AHBPrescTable
    system_stm32f10x.o(.ARM.exidx.text.SystemCoreClockUpdate) refers to system_stm32f10x.o(.text.SystemCoreClockUpdate) for [Anonymous Symbol]
    system_stm32f10x.o(.ARM.exidx.text.SetSysClockTo72) refers to system_stm32f10x.o(.text.SetSysClockTo72) for [Anonymous Symbol]
    __main.o(!!!main) refers to __rtentry.o(.ARM.Collect$$rtentry$$00000000) for __rt_entry
    daddsub_clz.o(x$fpl$dadd) refers (Special) to usenofp.o(x$fpl$usenofp) for __I$use$fp
    daddsub_clz.o(x$fpl$dadd) refers to daddsub_clz.o(x$fpl$dsub) for _dsub1
    daddsub_clz.o(x$fpl$dadd) refers to dretinf.o(x$fpl$dretinf) for __fpl_dretinf
    daddsub_clz.o(x$fpl$dadd) refers to dnaninf.o(x$fpl$dnaninf) for __fpl_dnaninf
    daddsub_clz.o(x$fpl$drsb) refers (Special) to usenofp.o(x$fpl$usenofp) for __I$use$fp
    daddsub_clz.o(x$fpl$drsb) refers to daddsub_clz.o(x$fpl$dadd) for _dadd1
    daddsub_clz.o(x$fpl$drsb) refers to daddsub_clz.o(x$fpl$dsub) for _dsub1
    daddsub_clz.o(x$fpl$dsub) refers (Special) to usenofp.o(x$fpl$usenofp) for __I$use$fp
    daddsub_clz.o(x$fpl$dsub) refers to daddsub_clz.o(x$fpl$dadd) for _dadd1
    daddsub_clz.o(x$fpl$dsub) refers to dnaninf.o(x$fpl$dnaninf) for __fpl_dnaninf
    ddiv.o(x$fpl$drdiv) refers (Special) to usenofp.o(x$fpl$usenofp) for __I$use$fp
    ddiv.o(x$fpl$drdiv) refers to ddiv.o(x$fpl$ddiv) for ddiv_entry
    ddiv.o(x$fpl$ddiv) refers (Special) to usenofp.o(x$fpl$usenofp) for __I$use$fp
    ddiv.o(x$fpl$ddiv) refers to dretinf.o(x$fpl$dretinf) for __fpl_dretinf
    ddiv.o(x$fpl$ddiv) refers to dnaninf.o(x$fpl$dnaninf) for __fpl_dnaninf
    dfix.o(x$fpl$dfix) refers (Special) to usenofp.o(x$fpl$usenofp) for __I$use$fp
    dfix.o(x$fpl$dfix) refers to dnaninf.o(x$fpl$dnaninf) for __fpl_dnaninf
    dfix.o(x$fpl$dfixr) refers (Special) to usenofp.o(x$fpl$usenofp) for __I$use$fp
    dfix.o(x$fpl$dfixr) refers to dnaninf.o(x$fpl$dnaninf) for __fpl_dnaninf
    dflt_clz.o(x$fpl$dfltu) refers (Special) to usenofp.o(x$fpl$usenofp) for __I$use$fp
    dflt_clz.o(x$fpl$dflt) refers (Special) to usenofp.o(x$fpl$usenofp) for __I$use$fp
    dflt_clz.o(x$fpl$dfltn) refers (Special) to usenofp.o(x$fpl$usenofp) for __I$use$fp
    dmul.o(x$fpl$dmul) refers (Special) to usenofp.o(x$fpl$usenofp) for __I$use$fp
    dmul.o(x$fpl$dmul) refers to dretinf.o(x$fpl$dretinf) for __fpl_dretinf
    dmul.o(x$fpl$dmul) refers to dnaninf.o(x$fpl$dnaninf) for __fpl_dnaninf
    __rtentry.o(.ARM.Collect$$rtentry$$00000000) refers (Special) to __rtentry2.o(.ARM.Collect$$rtentry$$0000000A) for __rt_entry_li
    __rtentry.o(.ARM.Collect$$rtentry$$00000000) refers (Special) to __rtentry2.o(.ARM.Collect$$rtentry$$0000000D) for __rt_entry_main
    __rtentry.o(.ARM.Collect$$rtentry$$00000000) refers (Special) to __rtentry2.o(.ARM.Collect$$rtentry$$0000000C) for __rt_entry_postli_1
    __rtentry.o(.ARM.Collect$$rtentry$$00000000) refers (Special) to __rtentry2.o(.ARM.Collect$$rtentry$$00000009) for __rt_entry_postsh_1
    __rtentry.o(.ARM.Collect$$rtentry$$00000000) refers (Special) to __rtentry2.o(.ARM.Collect$$rtentry$$00000002) for __rt_entry_presh_1
    __rtentry.o(.ARM.Collect$$rtentry$$00000000) refers (Special) to __rtentry4.o(.ARM.Collect$$rtentry$$00000004) for __rt_entry_sh
    dnaninf.o(x$fpl$dnaninf) refers (Special) to usenofp.o(x$fpl$usenofp) for __I$use$fp
    dretinf.o(x$fpl$dretinf) refers (Special) to usenofp.o(x$fpl$usenofp) for __I$use$fp
    __rtentry2.o(.ARM.Collect$$rtentry$$00000008) refers to boardinit2.o(.text) for _platform_post_stackheap_init
    __rtentry2.o(.ARM.Collect$$rtentry$$0000000A) refers to libinit.o(.ARM.Collect$$libinit$$00000000) for __rt_lib_init
    __rtentry2.o(.ARM.Collect$$rtentry$$0000000B) refers to boardinit3.o(.text) for _platform_post_lib_init
    __rtentry2.o(.ARM.Collect$$rtentry$$0000000D) refers to principal.o(.text.main) for main
    __rtentry2.o(.ARM.Collect$$rtentry$$0000000D) refers to exit.o(.text) for exit
    __rtentry2.o(.ARM.exidx) refers to __rtentry2.o(.ARM.Collect$$rtentry$$00000001) for .ARM.Collect$$rtentry$$00000001
    __rtentry2.o(.ARM.exidx) refers to __rtentry2.o(.ARM.Collect$$rtentry$$00000008) for .ARM.Collect$$rtentry$$00000008
    __rtentry2.o(.ARM.exidx) refers to __rtentry2.o(.ARM.Collect$$rtentry$$0000000A) for .ARM.Collect$$rtentry$$0000000A
    __rtentry2.o(.ARM.exidx) refers to __rtentry2.o(.ARM.Collect$$rtentry$$0000000B) for .ARM.Collect$$rtentry$$0000000B
    __rtentry2.o(.ARM.exidx) refers to __rtentry2.o(.ARM.Collect$$rtentry$$0000000D) for .ARM.Collect$$rtentry$$0000000D
    __rtentry4.o(.ARM.Collect$$rtentry$$00000004) refers to sys_stackheap_outer.o(.text) for __user_setup_stackheap
    __rtentry4.o(.ARM.exidx) refers to __rtentry4.o(.ARM.Collect$$rtentry$$00000004) for .ARM.Collect$$rtentry$$00000004
    sys_stackheap_outer.o(.text) refers to libspace.o(.text) for __user_perproc_libspace
    sys_stackheap_outer.o(.text) refers to startup_stm32f10x_md.o(.text) for __user_initial_stackheap
    exit.o(.text) refers to rtexit.o(.ARM.Collect$$rtexit$$00000000) for __rt_exit
    libinit.o(.ARM.Collect$$libinit$$00000000) refers (Special) to libinit2.o(.ARM.Collect$$libinit$$00000030) for __rt_lib_init_alloca_1
    libinit.o(.ARM.Collect$$libinit$$00000000) refers (Special) to libinit2.o(.ARM.Collect$$libinit$$0000002E) for __rt_lib_init_argv_1
    libinit.o(.ARM.Collect$$libinit$$00000000) refers (Special) to libinit2.o(.ARM.Collect$$libinit$$0000001D) for __rt_lib_init_atexit_1
    libinit.o(.ARM.Collect$$libinit$$00000000) refers (Special) to libinit2.o(.ARM.Collect$$libinit$$00000023) for __rt_lib_init_clock_1
    libinit.o(.ARM.Collect$$libinit$$00000000) refers (Special) to libinit2.o(.ARM.Collect$$libinit$$00000034) for __rt_lib_init_cpp_1
    libinit.o(.ARM.Collect$$libinit$$00000000) refers (Special) to libinit2.o(.ARM.Collect$$libinit$$00000032) for __rt_lib_init_exceptions_1
    libinit.o(.ARM.Collect$$libinit$$00000000) refers (Special) to libinit2.o(.ARM.Collect$$libinit$$00000002) for __rt_lib_init_fp_1
    libinit.o(.ARM.Collect$$libinit$$00000000) refers (Special) to libinit2.o(.ARM.Collect$$libinit$$00000021) for __rt_lib_init_fp_trap_1
    libinit.o(.ARM.Collect$$libinit$$00000000) refers (Special) to libinit2.o(.ARM.Collect$$libinit$$00000025) for __rt_lib_init_getenv_1
    libinit.o(.ARM.Collect$$libinit$$00000000) refers (Special) to libinit2.o(.ARM.Collect$$libinit$$0000000C) for __rt_lib_init_heap_1
    libinit.o(.ARM.Collect$$libinit$$00000000) refers (Special) to libinit2.o(.ARM.Collect$$libinit$$00000013) for __rt_lib_init_lc_collate_1
    libinit.o(.ARM.Collect$$libinit$$00000000) refers (Special) to libinit2.o(.ARM.Collect$$libinit$$00000015) for __rt_lib_init_lc_ctype_1
    libinit.o(.ARM.Collect$$libinit$$00000000) refers (Special) to libinit2.o(.ARM.Collect$$libinit$$00000017) for __rt_lib_init_lc_monetary_1
    libinit.o(.ARM.Collect$$libinit$$00000000) refers (Special) to libinit2.o(.ARM.Collect$$libinit$$00000019) for __rt_lib_init_lc_numeric_1
    libinit.o(.ARM.Collect$$libinit$$00000000) refers (Special) to libinit2.o(.ARM.Collect$$libinit$$0000001B) for __rt_lib_init_lc_time_1
    libinit.o(.ARM.Collect$$libinit$$00000000) refers (Special) to libinit2.o(.ARM.Collect$$libinit$$00000006) for __rt_lib_init_preinit_1
    libinit.o(.ARM.Collect$$libinit$$00000000) refers (Special) to libinit2.o(.ARM.Collect$$libinit$$00000010) for __rt_lib_init_rand_1
    libinit.o(.ARM.Collect$$libinit$$00000000) refers (Special) to libinit2.o(.ARM.Collect$$libinit$$00000004) for __rt_lib_init_relocate_pie_1
    libinit.o(.ARM.Collect$$libinit$$00000000) refers (Special) to libinit2.o(.ARM.Collect$$libinit$$00000035) for __rt_lib_init_return
    libinit.o(.ARM.Collect$$libinit$$00000000) refers (Special) to libinit2.o(.ARM.Collect$$libinit$$0000001F) for __rt_lib_init_signal_1
    libinit.o(.ARM.Collect$$libinit$$00000000) refers (Special) to libinit2.o(.ARM.Collect$$libinit$$00000027) for __rt_lib_init_stdio_1
    libinit.o(.ARM.Collect$$libinit$$00000000) refers (Special) to libinit2.o(.ARM.Collect$$libinit$$0000000E) for __rt_lib_init_user_alloc_1
    libspace.o(.text) refers to libspace.o(.bss) for __libspace_start
    rtexit.o(.ARM.Collect$$rtexit$$00000000) refers (Special) to rtexit2.o(.ARM.Collect$$rtexit$$00000004) for __rt_exit_exit
    rtexit.o(.ARM.Collect$$rtexit$$00000000) refers (Special) to rtexit2.o(.ARM.Collect$$rtexit$$00000003) for __rt_exit_ls
    rtexit.o(.ARM.Collect$$rtexit$$00000000) refers (Special) to rtexit2.o(.ARM.Collect$$rtexit$$00000002) for __rt_exit_prels_1
    rtexit.o(.ARM.exidx) refers (Special) to rtexit2.o(.ARM.Collect$$rtexit$$00000004) for __rt_exit_exit
    rtexit.o(.ARM.exidx) refers (Special) to rtexit2.o(.ARM.Collect$$rtexit$$00000003) for __rt_exit_ls
    rtexit.o(.ARM.exidx) refers (Special) to rtexit2.o(.ARM.Collect$$rtexit$$00000002) for __rt_exit_prels_1
    rtexit.o(.ARM.exidx) refers to rtexit.o(.ARM.Collect$$rtexit$$00000000) for .ARM.Collect$$rtexit$$00000000
    libinit2.o(.ARM.Collect$$libinit$$00000012) refers to libinit2.o(.ARM.Collect$$libinit$$00000011) for .ARM.Collect$$libinit$$00000011
    libinit2.o(.ARM.Collect$$libinit$$00000014) refers to libinit2.o(.ARM.Collect$$libinit$$00000011) for .ARM.Collect$$libinit$$00000011
    libinit2.o(.ARM.Collect$$libinit$$00000016) refers to libinit2.o(.ARM.Collect$$libinit$$00000011) for .ARM.Collect$$libinit$$00000011
    libinit2.o(.ARM.Collect$$libinit$$00000018) refers to libinit2.o(.ARM.Collect$$libinit$$00000011) for .ARM.Collect$$libinit$$00000011
    libinit2.o(.ARM.Collect$$libinit$$0000001A) refers to libinit2.o(.ARM.Collect$$libinit$$00000011) for .ARM.Collect$$libinit$$00000011
    libinit2.o(.ARM.Collect$$libinit$$00000028) refers to argv_veneer.o(.emb_text) for __ARM_argv_veneer
    libinit2.o(.ARM.Collect$$libinit$$00000029) refers to argv_veneer.o(.emb_text) for __ARM_argv_veneer
    rtexit2.o(.ARM.Collect$$rtexit$$00000003) refers to libshutdown.o(.ARM.Collect$$libshutdown$$00000000) for __rt_lib_shutdown
    rtexit2.o(.ARM.Collect$$rtexit$$00000004) refers to sys_exit.o(.text) for _sys_exit
    rtexit2.o(.ARM.exidx) refers to rtexit2.o(.ARM.Collect$$rtexit$$00000001) for .ARM.Collect$$rtexit$$00000001
    rtexit2.o(.ARM.exidx) refers to rtexit2.o(.ARM.Collect$$rtexit$$00000003) for .ARM.Collect$$rtexit$$00000003
    rtexit2.o(.ARM.exidx) refers to rtexit2.o(.ARM.Collect$$rtexit$$00000004) for .ARM.Collect$$rtexit$$00000004
    argv_veneer.o(.emb_text) refers to no_argv.o(.text) for __ARM_get_argv
    sys_exit.o(.text) refers (Special) to use_no_semi.o(.text) for __I$use$semihosting
    sys_exit.o(.text) refers (Special) to indicate_semi.o(.text) for __semihosting_library_function
    sys_exit_hlt.o(.text) refers (Special) to use_no_semi.o(.text) for __I$use$semihosting
    sys_exit_hlt.o(.text) refers (Special) to indicate_semi.o(.text) for __semihosting_library_function
    _get_argv_nomalloc.o(.text) refers (Special) to hrguard.o(.text) for __heap_region$guard
    _get_argv_nomalloc.o(.text) refers to defsig_rtmem_outer.o(.text) for __rt_SIGRTMEM
    _get_argv_nomalloc.o(.text) refers to sys_command.o(.text) for _sys_command_string
    libshutdown.o(.ARM.Collect$$libshutdown$$00000000) refers (Special) to libshutdown2.o(.ARM.Collect$$libshutdown$$00000002) for __rt_lib_shutdown_cpp_1
    libshutdown.o(.ARM.Collect$$libshutdown$$00000000) refers (Special) to libshutdown2.o(.ARM.Collect$$libshutdown$$00000007) for __rt_lib_shutdown_fp_trap_1
    libshutdown.o(.ARM.Collect$$libshutdown$$00000000) refers (Special) to libshutdown2.o(.ARM.Collect$$libshutdown$$0000000F) for __rt_lib_shutdown_heap_1
    libshutdown.o(.ARM.Collect$$libshutdown$$00000000) refers (Special) to libshutdown2.o(.ARM.Collect$$libshutdown$$00000010) for __rt_lib_shutdown_return
    libshutdown.o(.ARM.Collect$$libshutdown$$00000000) refers (Special) to libshutdown2.o(.ARM.Collect$$libshutdown$$0000000A) for __rt_lib_shutdown_signal_1
    libshutdown.o(.ARM.Collect$$libshutdown$$00000000) refers (Special) to libshutdown2.o(.ARM.Collect$$libshutdown$$00000004) for __rt_lib_shutdown_stdio_1
    libshutdown.o(.ARM.Collect$$libshutdown$$00000000) refers (Special) to libshutdown2.o(.ARM.Collect$$libshutdown$$0000000C) for __rt_lib_shutdown_user_alloc_1
    sys_command.o(.text) refers (Special) to use_no_semi.o(.text) for __I$use$semihosting
    sys_command.o(.text) refers (Special) to indicate_semi.o(.text) for __semihosting_library_function
    sys_command_hlt.o(.text) refers (Special) to use_no_semi.o(.text) for __I$use$semihosting
    sys_command_hlt.o(.text) refers (Special) to indicate_semi.o(.text) for __semihosting_library_function
    defsig_rtmem_outer.o(.text) refers to defsig_rtmem_inner.o(.text) for __rt_SIGRTMEM_inner
    defsig_rtmem_outer.o(.text) refers to defsig_exit.o(.text) for __sig_exit
    defsig_rtmem_formal.o(.text) refers to rt_raise.o(.text) for __rt_raise
    rt_raise.o(.text) refers to __raise.o(.text) for __raise
    rt_raise.o(.text) refers to sys_exit.o(.text) for _sys_exit
    defsig_exit.o(.text) refers to sys_exit.o(.text) for _sys_exit
    defsig_rtmem_inner.o(.text) refers to defsig_general.o(.text) for __default_signal_display
    __raise.o(.text) refers to defsig.o(CL$$defsig) for __default_signal_handler
    defsig_general.o(.text) refers to sys_wrch.o(.text) for _ttywrch
    sys_wrch.o(.text) refers (Special) to use_no_semi.o(.text) for __I$use$semihosting
    sys_wrch.o(.text) refers (Special) to indicate_semi.o(.text) for __semihosting_library_function
    sys_wrch_hlt.o(.text) refers (Special) to use_no_semi.o(.text) for __I$use$semihosting
    sys_wrch_hlt.o(.text) refers (Special) to indicate_semi.o(.text) for __semihosting_library_function
    defsig.o(CL$$defsig) refers to defsig_rtmem_inner.o(.text) for __rt_SIGRTMEM_inner
    defsig_abrt_inner.o(.text) refers to defsig_general.o(.text) for __default_signal_display
    defsig_fpe_inner.o(.text) refers to defsig_general.o(.text) for __default_signal_display
    defsig_rtred_inner.o(.text) refers to defsig_general.o(.text) for __default_signal_display
    defsig_stak_inner.o(.text) refers to defsig_general.o(.text) for __default_signal_display
    defsig_pvfn_inner.o(.text) refers to defsig_general.o(.text) for __default_signal_display
    defsig_cppl_inner.o(.text) refers to defsig_general.o(.text) for __default_signal_display
    defsig_segv_inner.o(.text) refers to defsig_general.o(.text) for __default_signal_display
    defsig_other.o(.text) refers to defsig_general.o(.text) for __default_signal_display


==============================================================================

Removing Unused input sections from the image.

    Removing principal.o(.text), (0 bytes).
    Removing principal.o(.ARM.exidx.text.main), (8 bytes).
    Removing principal.o(.ARM.use_no_argv), (4 bytes).
    Removing myadc.o(.text), (0 bytes).
    Removing myadc.o(.text.ADC_Init), (82 bytes).
    Removing myadc.o(.ARM.exidx.text.ADC_Init), (8 bytes).
    Removing myadc.o(.text.ADC_Read), (74 bytes).
    Removing myadc.o(.ARM.exidx.text.ADC_Read), (8 bytes).
    Removing mygirouette.o(.text), (0 bytes).
    Removing mygirouette.o(.ARM.exidx.text.Init_Girouette), (8 bytes).
    Removing mygirouette.o(.ARM.exidx.text.lire_angle), (8 bytes).
    Removing mygirouette.o(.ARM.exidx.text.convertir_angle), (8 bytes).
    Removing mygirouette.o(.ARM.exidx.text.ajuster_voile), (8 bytes).
    Removing mygirouette.o(.bss.alpha), (4 bytes).
    Removing mytimer.o(.text), (0 bytes).
    Removing mytimer.o(.ARM.exidx.text.MyTimer_Base_Init), (8 bytes).
    Removing mytimer.o(.ARM.exidx.text.CNT_Handler_phase_A), (8 bytes).
    Removing mytimer.o(.ARM.exidx.text.CNT_Handler_phase_B), (8 bytes).
    Removing mytimer.o(.ARM.exidx.text.Conf_capture_phaseAB), (8 bytes).
    Removing mytimer.o(.ARM.exidx.text.__NVIC_EnableIRQ), (8 bytes).
    Removing mytimer.o(.text.MyTimer_ActiveIT), (212 bytes).
    Removing mytimer.o(.ARM.exidx.text.MyTimer_ActiveIT), (8 bytes).
    Removing mytimer.o(.text.__NVIC_SetPriority), (66 bytes).
    Removing mytimer.o(.ARM.exidx.text.__NVIC_SetPriority), (8 bytes).
    Removing mytimer.o(.text.MyTimer_PWM_init), (334 bytes).
    Removing mytimer.o(.ARM.exidx.text.MyTimer_PWM_init), (8 bytes).
    Removing mytimer.o(.ARM.exidx.text.my_PWM_set_cycle), (8 bytes).
    Removing mytimer.o(.ARM.exidx.text.TIM1_UP_IRQHandler), (8 bytes).
    Removing mytimer.o(.ARM.exidx.text.TIM2_IRQHandler), (8 bytes).
    Removing mytimer.o(.ARM.exidx.text.TIM3_IRQHandler), (8 bytes).
    Removing mytimer.o(.ARM.exidx.text.TIM4_IRQHandler), (8 bytes).
    Removing myuart.o(.text), (0 bytes).
    Removing myuart.o(.text.Init_UART), (318 bytes).
    Removing myuart.o(.ARM.exidx.text.Init_UART), (8 bytes).
    Removing myuart.o(.text.Print_UART), (36 bytes).
    Removing myuart.o(.ARM.exidx.text.Print_UART), (8 bytes).
    Removing myuart.o(.text.Active_IT_Read_UART), (114 bytes).
    Removing myuart.o(.ARM.exidx.text.Active_IT_Read_UART), (8 bytes).
    Removing myuart.o(.ARM.exidx.text.USART1_IRQHandler), (8 bytes).
    Removing myuart.o(.ARM.exidx.text.USART2_IRQHandler), (8 bytes).
    Removing myuart.o(.ARM.exidx.text.USART3_IRQHandler), (8 bytes).
    Removing gpio.o(.text), (0 bytes).
    Removing gpio.o(.ARM.exidx.text.setupClock), (8 bytes).
    Removing gpio.o(.ARM.exidx.text.configureInputGPIO), (8 bytes).
    Removing gpio.o(.text.configureOutputGPIO), (162 bytes).
    Removing gpio.o(.ARM.exidx.text.configureOutputGPIO), (8 bytes).
    Removing gpio.o(.text.GPIO_Read), (38 bytes).
    Removing gpio.o(.ARM.exidx.text.GPIO_Read), (8 bytes).
    Removing gpio.o(.text.GPIO_Set), (30 bytes).
    Removing gpio.o(.ARM.exidx.text.GPIO_Set), (8 bytes).
    Removing gpio.o(.text.GPIO_Reset), (30 bytes).
    Removing gpio.o(.ARM.exidx.text.GPIO_Reset), (8 bytes).
    Removing gpio.o(.text.GPIO_Toggle), (82 bytes).
    Removing gpio.o(.ARM.exidx.text.GPIO_Toggle), (8 bytes).
    Removing system_stm32f10x.o(.text), (0 bytes).
    Removing system_stm32f10x.o(.ARM.exidx.text.SystemInit), (8 bytes).
    Removing system_stm32f10x.o(.ARM.exidx.text.SetSysClock), (8 bytes).
    Removing system_stm32f10x.o(.text.SystemCoreClockUpdate), (290 bytes).
    Removing system_stm32f10x.o(.ARM.exidx.text.SystemCoreClockUpdate), (8 bytes).
    Removing system_stm32f10x.o(.ARM.exidx.text.SetSysClockTo72), (8 bytes).
    Removing system_stm32f10x.o(.data.SystemCoreClock), (4 bytes).
    Removing system_stm32f10x.o(.rodata.AHBPrescTable), (16 bytes).

62 unused section(s) (total 2192 bytes) removed from the image.

==============================================================================

Image Symbol Table

    Local Symbols

    Symbol Name                              Value     Ov Type        Size  Object(Section)

    ../clib/angel/boardlib.s                 0x00000000   Number         0  boardinit1.o ABSOLUTE
    ../clib/angel/boardlib.s                 0x00000000   Number         0  boardinit2.o ABSOLUTE
    ../clib/angel/boardlib.s                 0x00000000   Number         0  boardinit3.o ABSOLUTE
    ../clib/angel/boardlib.s                 0x00000000   Number         0  boardshut.o ABSOLUTE
    ../clib/angel/handlers.s                 0x00000000   Number         0  __scatter_zi.o ABSOLUTE
    ../clib/angel/kernel.s                   0x00000000   Number         0  __rtentry.o ABSOLUTE
    ../clib/angel/kernel.s                   0x00000000   Number         0  __rtentry2.o ABSOLUTE
    ../clib/angel/kernel.s                   0x00000000   Number         0  __rtentry4.o ABSOLUTE
    ../clib/angel/kernel.s                   0x00000000   Number         0  rtexit.o ABSOLUTE
    ../clib/angel/kernel.s                   0x00000000   Number         0  rtexit2.o ABSOLUTE
    ../clib/angel/rt.s                       0x00000000   Number         0  rt_raise.o ABSOLUTE
    ../clib/angel/scatter.s                  0x00000000   Number         0  __scatter.o ABSOLUTE
    ../clib/angel/startup.s                  0x00000000   Number         0  __main.o ABSOLUTE
    ../clib/angel/sys.s                      0x00000000   Number         0  sys_stackheap_outer.o ABSOLUTE
    ../clib/angel/sys.s                      0x00000000   Number         0  libspace.o ABSOLUTE
    ../clib/angel/sys.s                      0x00000000   Number         0  use_no_semi.o ABSOLUTE
    ../clib/angel/sys.s                      0x00000000   Number         0  indicate_semi.o ABSOLUTE
    ../clib/angel/sysapp.c                   0x00000000   Number         0  sys_exit.o ABSOLUTE
    ../clib/angel/sysapp.c                   0x00000000   Number         0  sys_exit_hlt.o ABSOLUTE
    ../clib/angel/sysapp.c                   0x00000000   Number         0  sys_command.o ABSOLUTE
    ../clib/angel/sysapp.c                   0x00000000   Number         0  sys_command_hlt.o ABSOLUTE
    ../clib/angel/sysapp.c                   0x00000000   Number         0  sys_wrch.o ABSOLUTE
    ../clib/angel/sysapp.c                   0x00000000   Number         0  sys_wrch_hlt.o ABSOLUTE
    ../clib/armsys.c                         0x00000000   Number         0  argv_veneer.o ABSOLUTE
    ../clib/armsys.c                         0x00000000   Number         0  argv_veneer.o ABSOLUTE
    ../clib/armsys.c                         0x00000000   Number         0  _get_argv_nomalloc.o ABSOLUTE
    ../clib/armsys.c                         0x00000000   Number         0  no_argv.o ABSOLUTE
    ../clib/heapalloc.c                      0x00000000   Number         0  hrguard.o ABSOLUTE
    ../clib/heapaux.c                        0x00000000   Number         0  heapauxi.o ABSOLUTE
    ../clib/libinit.s                        0x00000000   Number         0  libinit.o ABSOLUTE
    ../clib/libinit.s                        0x00000000   Number         0  libinit2.o ABSOLUTE
    ../clib/libinit.s                        0x00000000   Number         0  libshutdown.o ABSOLUTE
    ../clib/libinit.s                        0x00000000   Number         0  libshutdown2.o ABSOLUTE
    ../clib/signal.c                         0x00000000   Number         0  defsig_rtmem_outer.o ABSOLUTE
    ../clib/signal.c                         0x00000000   Number         0  defsig_rtmem_formal.o ABSOLUTE
    ../clib/signal.c                         0x00000000   Number         0  defsig_exit.o ABSOLUTE
    ../clib/signal.c                         0x00000000   Number         0  defsig_rtmem_inner.o ABSOLUTE
    ../clib/signal.c                         0x00000000   Number         0  __raise.o ABSOLUTE
    ../clib/signal.c                         0x00000000   Number         0  defsig_general.o ABSOLUTE
    ../clib/signal.c                         0x00000000   Number         0  defsig_abrt_inner.o ABSOLUTE
    ../clib/signal.c                         0x00000000   Number         0  defsig_fpe_inner.o ABSOLUTE
    ../clib/signal.c                         0x00000000   Number         0  defsig_rtred_inner.o ABSOLUTE
    ../clib/signal.c                         0x00000000   Number         0  defsig_stak_inner.o ABSOLUTE
    ../clib/signal.c                         0x00000000   Number         0  defsig_pvfn_inner.o ABSOLUTE
    ../clib/signal.c                         0x00000000   Number         0  defsig_cppl_inner.o ABSOLUTE
    ../clib/signal.c                         0x00000000   Number         0  defsig_segv_inner.o ABSOLUTE
    ../clib/signal.c                         0x00000000   Number         0  defsig_other.o ABSOLUTE
    ../clib/signal.s                         0x00000000   Number         0  defsig.o ABSOLUTE
    ../clib/stdlib.c                         0x00000000   Number         0  exit.o ABSOLUTE
    ../fplib/daddsub.s                       0x00000000   Number         0  daddsub_clz.o ABSOLUTE
    ../fplib/ddiv.s                          0x00000000   Number         0  ddiv.o ABSOLUTE
    ../fplib/dfix.s                          0x00000000   Number         0  dfix.o ABSOLUTE
    ../fplib/dflt.s                          0x00000000   Number         0  dflt_clz.o ABSOLUTE
    ../fplib/dmul.s                          0x00000000   Number         0  dmul.o ABSOLUTE
    ../fplib/dnaninf.s                       0x00000000   Number         0  dnaninf.o ABSOLUTE
    ../fplib/dretinf.s                       0x00000000   Number         0  dretinf.o ABSOLUTE
    ../fplib/fpinit.s                        0x00000000   Number         0  fpinit.o ABSOLUTE
    ../fplib/fpinit_empty.s                  0x00000000   Number         0  fpinit_empty.o ABSOLUTE
    ../fplib/usenofp.s                       0x00000000   Number         0  usenofp.o ABSOLUTE
    GPIO.c                                   0x00000000   Number         0  gpio.o ABSOLUTE
    MyADC.c                                  0x00000000   Number         0  myadc.o ABSOLUTE
    MyGirouette.c                            0x00000000   Number         0  mygirouette.o ABSOLUTE
    MyTimer.c                                0x00000000   Number         0  mytimer.o ABSOLUTE
    MyUART.c                                 0x00000000   Number         0  myuart.o ABSOLUTE
    RTE/Device/STM32F103RB/startup_stm32f10x_md.s 0x00000000   Number         0  startup_stm32f10x_md.o ABSOLUTE
    dc.s                                     0x00000000   Number         0  dc.o ABSOLUTE
    principal.c                              0x00000000   Number         0  principal.o ABSOLUTE
    system_stm32f10x.c                       0x00000000   Number         0  system_stm32f10x.o ABSOLUTE
    RESET                                    0x08000000   Section      236  startup_stm32f10x_md.o(RESET)
    !!!main                                  0x080000ec   Section        8  __main.o(!!!main)
    !!!scatter                               0x080000f4   Section       92  __scatter.o(!!!scatter)
    !!handler_null                           0x08000150   Section        2  __scatter.o(!!handler_null)
    !!handler_zi                             0x08000154   Section       28  __scatter_zi.o(!!handler_zi)
    .ARM.Collect$$libinit$$00000000          0x08000170   Section        2  libinit.o(.ARM.Collect$$libinit$$00000000)
    .ARM.Collect$$libinit$$00000002          0x08000172   Section        0  libinit2.o(.ARM.Collect$$libinit$$00000002)
    .ARM.Collect$$libinit$$00000004          0x08000172   Section        0  libinit2.o(.ARM.Collect$$libinit$$00000004)
    .ARM.Collect$$libinit$$00000006          0x08000172   Section        0  libinit2.o(.ARM.Collect$$libinit$$00000006)
    .ARM.Collect$$libinit$$0000000C          0x08000172   Section        0  libinit2.o(.ARM.Collect$$libinit$$0000000C)
    .ARM.Collect$$libinit$$0000000E          0x08000172   Section        0  libinit2.o(.ARM.Collect$$libinit$$0000000E)
    .ARM.Collect$$libinit$$00000010          0x08000172   Section        0  libinit2.o(.ARM.Collect$$libinit$$00000010)
    .ARM.Collect$$libinit$$00000013          0x08000172   Section        0  libinit2.o(.ARM.Collect$$libinit$$00000013)
    .ARM.Collect$$libinit$$00000015          0x08000172   Section        0  libinit2.o(.ARM.Collect$$libinit$$00000015)
    .ARM.Collect$$libinit$$00000017          0x08000172   Section        0  libinit2.o(.ARM.Collect$$libinit$$00000017)
    .ARM.Collect$$libinit$$00000019          0x08000172   Section        0  libinit2.o(.ARM.Collect$$libinit$$00000019)
    .ARM.Collect$$libinit$$0000001B          0x08000172   Section        0  libinit2.o(.ARM.Collect$$libinit$$0000001B)
    .ARM.Collect$$libinit$$0000001D          0x08000172   Section        0  libinit2.o(.ARM.Collect$$libinit$$0000001D)
    .ARM.Collect$$libinit$$0000001F          0x08000172   Section        0  libinit2.o(.ARM.Collect$$libinit$$0000001F)
    .ARM.Collect$$libinit$$00000021          0x08000172   Section        0  libinit2.o(.ARM.Collect$$libinit$$00000021)
    .ARM.Collect$$libinit$$00000023          0x08000172   Section        0  libinit2.o(.ARM.Collect$$libinit$$00000023)
    .ARM.Collect$$libinit$$00000025          0x08000172   Section        0  libinit2.o(.ARM.Collect$$libinit$$00000025)
    .ARM.Collect$$libinit$$00000027          0x08000172   Section        0  libinit2.o(.ARM.Collect$$libinit$$00000027)
    .ARM.Collect$$libinit$$0000002E          0x08000172   Section        0  libinit2.o(.ARM.Collect$$libinit$$0000002E)
    .ARM.Collect$$libinit$$00000030          0x08000172   Section        0  libinit2.o(.ARM.Collect$$libinit$$00000030)
    .ARM.Collect$$libinit$$00000032          0x08000172   Section        0  libinit2.o(.ARM.Collect$$libinit$$00000032)
    .ARM.Collect$$libinit$$00000034          0x08000172   Section        0  libinit2.o(.ARM.Collect$$libinit$$00000034)
    .ARM.Collect$$libinit$$00000035          0x08000172   Section        2  libinit2.o(.ARM.Collect$$libinit$$00000035)
    .ARM.Collect$$libshutdown$$00000000      0x08000174   Section        2  libshutdown.o(.ARM.Collect$$libshutdown$$00000000)
    .ARM.Collect$$libshutdown$$00000002      0x08000176   Section        0  libshutdown2.o(.ARM.Collect$$libshutdown$$00000002)
    .ARM.Collect$$libshutdown$$00000004      0x08000176   Section        0  libshutdown2.o(.ARM.Collect$$libshutdown$$00000004)
    .ARM.Collect$$libshutdown$$00000007      0x08000176   Section        0  libshutdown2.o(.ARM.Collect$$libshutdown$$00000007)
    .ARM.Collect$$libshutdown$$0000000A      0x08000176   Section        0  libshutdown2.o(.ARM.Collect$$libshutdown$$0000000A)
    .ARM.Collect$$libshutdown$$0000000C      0x08000176   Section        0  libshutdown2.o(.ARM.Collect$$libshutdown$$0000000C)
    .ARM.Collect$$libshutdown$$0000000F      0x08000176   Section        0  libshutdown2.o(.ARM.Collect$$libshutdown$$0000000F)
    .ARM.Collect$$libshutdown$$00000010      0x08000176   Section        2  libshutdown2.o(.ARM.Collect$$libshutdown$$00000010)
    .ARM.Collect$$rtentry$$00000000          0x08000178   Section        0  __rtentry.o(.ARM.Collect$$rtentry$$00000000)
    .ARM.Collect$$rtentry$$00000002          0x08000178   Section        0  __rtentry2.o(.ARM.Collect$$rtentry$$00000002)
    .ARM.Collect$$rtentry$$00000004          0x08000178   Section        6  __rtentry4.o(.ARM.Collect$$rtentry$$00000004)
    .ARM.Collect$$rtentry$$00000009          0x0800017e   Section        0  __rtentry2.o(.ARM.Collect$$rtentry$$00000009)
    .ARM.Collect$$rtentry$$0000000A          0x0800017e   Section        4  __rtentry2.o(.ARM.Collect$$rtentry$$0000000A)
    .ARM.Collect$$rtentry$$0000000C          0x08000182   Section        0  __rtentry2.o(.ARM.Collect$$rtentry$$0000000C)
    .ARM.Collect$$rtentry$$0000000D          0x08000182   Section        8  __rtentry2.o(.ARM.Collect$$rtentry$$0000000D)
    .ARM.Collect$$rtexit$$00000000           0x0800018a   Section        2  rtexit.o(.ARM.Collect$$rtexit$$00000000)
    .ARM.Collect$$rtexit$$00000002           0x0800018c   Section        0  rtexit2.o(.ARM.Collect$$rtexit$$00000002)
    .ARM.Collect$$rtexit$$00000003           0x0800018c   Section        4  rtexit2.o(.ARM.Collect$$rtexit$$00000003)
    .ARM.Collect$$rtexit$$00000004           0x08000190   Section        6  rtexit2.o(.ARM.Collect$$rtexit$$00000004)
    .text                                    0x08000198   Section       64  startup_stm32f10x_md.o(.text)
    .text                                    0x080001d8   Section        0  heapauxi.o(.text)
    .text                                    0x080001de   Section       74  sys_stackheap_outer.o(.text)
    .text                                    0x08000228   Section        0  exit.o(.text)
    .text                                    0x0800023c   Section        8  libspace.o(.text)
    .text                                    0x08000244   Section        0  sys_exit.o(.text)
    .text                                    0x08000250   Section        2  use_no_semi.o(.text)
    .text                                    0x08000252   Section        0  indicate_semi.o(.text)
    [Anonymous Symbol]                       0x08000254   Section        0  mytimer.o(.text.CNT_Handler_phase_A)
    [Anonymous Symbol]                       0x08000278   Section        0  mytimer.o(.text.CNT_Handler_phase_B)
    [Anonymous Symbol]                       0x080002a0   Section        0  mytimer.o(.text.Conf_capture_phaseAB)
    [Anonymous Symbol]                       0x08000324   Section        0  mygirouette.o(.text.Init_Girouette)
    [Anonymous Symbol]                       0x0800037c   Section        0  mytimer.o(.text.MyTimer_Base_Init)
    SetSysClock                              0x08000425   Thumb Code     8  system_stm32f10x.o(.text.SetSysClock)
    [Anonymous Symbol]                       0x08000424   Section        0  system_stm32f10x.o(.text.SetSysClock)
    SetSysClockTo72                          0x0800042d   Thumb Code   290  system_stm32f10x.o(.text.SetSysClockTo72)
    [Anonymous Symbol]                       0x0800042c   Section        0  system_stm32f10x.o(.text.SetSysClockTo72)
    [Anonymous Symbol]                       0x08000550   Section        0  system_stm32f10x.o(.text.SystemInit)
    [Anonymous Symbol]                       0x080005b8   Section        0  mytimer.o(.text.TIM1_UP_IRQHandler)
    [Anonymous Symbol]                       0x080005d8   Section        0  mytimer.o(.text.TIM2_IRQHandler)
    [Anonymous Symbol]                       0x080005f8   Section        0  mytimer.o(.text.TIM3_IRQHandler)
    [Anonymous Symbol]                       0x08000618   Section        0  mytimer.o(.text.TIM4_IRQHandler)
    [Anonymous Symbol]                       0x08000638   Section        0  myuart.o(.text.USART1_IRQHandler)
    [Anonymous Symbol]                       0x08000668   Section        0  myuart.o(.text.USART2_IRQHandler)
    [Anonymous Symbol]                       0x08000698   Section        0  myuart.o(.text.USART3_IRQHandler)
    __NVIC_EnableIRQ                         0x080006c9   Thumb Code    48  mytimer.o(.text.__NVIC_EnableIRQ)
    [Anonymous Symbol]                       0x080006c8   Section        0  mytimer.o(.text.__NVIC_EnableIRQ)
    [Anonymous Symbol]                       0x080006f8   Section        0  mygirouette.o(.text.ajuster_voile)
    [Anonymous Symbol]                       0x08000784   Section        0  gpio.o(.text.configureInputGPIO)
    [Anonymous Symbol]                       0x080008d8   Section        0  mygirouette.o(.text.convertir_angle)
    [Anonymous Symbol]                       0x08000914   Section        0  mygirouette.o(.text.lire_angle)
    [Anonymous Symbol]                       0x08000994   Section        0  principal.o(.text.main)
    [Anonymous Symbol]                       0x08000a14   Section        0  mytimer.o(.text.my_PWM_set_cycle)
    [Anonymous Symbol]                       0x08000a8c   Section        0  gpio.o(.text.setupClock)
    x$fpl$dadd                               0x08000b1c   Section      336  daddsub_clz.o(x$fpl$dadd)
    _dadd1                                   0x08000b2d   Thumb Code     0  daddsub_clz.o(x$fpl$dadd)
    x$fpl$dfix                               0x08000c6c   Section       94  dfix.o(x$fpl$dfix)
    x$fpl$dflt                               0x08000cca   Section       46  dflt_clz.o(x$fpl$dflt)
    x$fpl$dmul                               0x08000cf8   Section      340  dmul.o(x$fpl$dmul)
    x$fpl$dnaninf                            0x08000e4c   Section      156  dnaninf.o(x$fpl$dnaninf)
    x$fpl$dretinf                            0x08000ee8   Section       12  dretinf.o(x$fpl$dretinf)
    x$fpl$dsub                               0x08000ef4   Section      476  daddsub_clz.o(x$fpl$dsub)
    _dsub1                                   0x08000f05   Thumb Code     0  daddsub_clz.o(x$fpl$dsub)
    x$fpl$usenofp                            0x080010d0   Section        0  usenofp.o(x$fpl$usenofp)
    .bss                                     0x20000000   Section       96  libspace.o(.bss)
    Heap_Mem                                 0x20000090   Data         512  startup_stm32f10x_md.o(HEAP)
    HEAP                                     0x20000090   Section      512  startup_stm32f10x_md.o(HEAP)
    Stack_Mem                                0x20000290   Data        1024  startup_stm32f10x_md.o(STACK)
    STACK                                    0x20000290   Section     1024  startup_stm32f10x_md.o(STACK)
    __initial_sp                             0x20000690   Data           0  startup_stm32f10x_md.o(STACK)

    Global Symbols

    Symbol Name                              Value     Ov Type        Size  Object(Section)

    BuildAttributes$$THM_ISAv4$P$D$K$B$S$PE$A:L22UL41UL21$X:L11$S22US41US21$IEEE1$IW$~IW$USESV6$~STKCKD$USESV7$~SHL$OSPACE$ROPI$EBA8$UX$STANDARDLIB$REQ8$PRES8$EABIv2 0x00000000   Number         0  anon$$obj.o ABSOLUTE
    __fp_init_empty                          0x00000000   Number         0  fpinit_empty.o ABSOLUTE
    __ARM_exceptions_init                     - Undefined Weak Reference
    __alloca_initialize                       - Undefined Weak Reference
    __arm_preinit_                            - Undefined Weak Reference
    __arm_relocate_pie_                       - Undefined Weak Reference
    __cpp_initialize__aeabi_                  - Undefined Weak Reference
    __cxa_finalize                            - Undefined Weak Reference
    __rt_locale                               - Undefined Weak Reference
    __sigvec_lookup                           - Undefined Weak Reference
    _atexit_init                              - Undefined Weak Reference
    _call_atexit_fns                          - Undefined Weak Reference
    _clock_init                               - Undefined Weak Reference
    _fp_trap_init                             - Undefined Weak Reference
    _fp_trap_shutdown                         - Undefined Weak Reference
    _get_lc_collate                           - Undefined Weak Reference
    _get_lc_ctype                             - Undefined Weak Reference
    _get_lc_monetary                          - Undefined Weak Reference
    _get_lc_numeric                           - Undefined Weak Reference
    _get_lc_time                              - Undefined Weak Reference
    _getenv_init                              - Undefined Weak Reference
    _handle_redirection                       - Undefined Weak Reference
    _init_alloc                               - Undefined Weak Reference
    _init_user_alloc                          - Undefined Weak Reference
    _initio                                   - Undefined Weak Reference
    _rand_init                                - Undefined Weak Reference
    _signal_finish                            - Undefined Weak Reference
    _signal_init                              - Undefined Weak Reference
    _terminate_alloc                          - Undefined Weak Reference
    _terminate_user_alloc                     - Undefined Weak Reference
    _terminateio                              - Undefined Weak Reference
    __Vectors_Size                           0x000000ec   Number         0  startup_stm32f10x_md.o ABSOLUTE
    __Vectors                                0x08000000   Data           4  startup_stm32f10x_md.o(RESET)
    __Vectors_End                            0x080000ec   Data           0  startup_stm32f10x_md.o(RESET)
    __main                                   0x080000ed   Thumb Code     8  __main.o(!!!main)
    __scatterload                            0x080000f5   Thumb Code     0  __scatter.o(!!!scatter)
    __scatterload_rt2                        0x080000f5   Thumb Code    84  __scatter.o(!!!scatter)
    __scatterload_rt2_thumb_only             0x080000f5   Thumb Code     0  __scatter.o(!!!scatter)
    __scatterload_loop                       0x080000ff   Thumb Code     0  __scatter.o(!!!scatter)
    __scatterload_null                       0x08000151   Thumb Code     2  __scatter.o(!!handler_null)
    __scatterload_zeroinit                   0x08000155   Thumb Code    28  __scatter_zi.o(!!handler_zi)
    __rt_lib_init                            0x08000171   Thumb Code     0  libinit.o(.ARM.Collect$$libinit$$00000000)
    __rt_lib_init_alloca_1                   0x08000173   Thumb Code     0  libinit2.o(.ARM.Collect$$libinit$$00000030)
    __rt_lib_init_argv_1                     0x08000173   Thumb Code     0  libinit2.o(.ARM.Collect$$libinit$$0000002E)
    __rt_lib_init_atexit_1                   0x08000173   Thumb Code     0  libinit2.o(.ARM.Collect$$libinit$$0000001D)
    __rt_lib_init_clock_1                    0x08000173   Thumb Code     0  libinit2.o(.ARM.Collect$$libinit$$00000023)
    __rt_lib_init_cpp_1                      0x08000173   Thumb Code     0  libinit2.o(.ARM.Collect$$libinit$$00000034)
    __rt_lib_init_exceptions_1               0x08000173   Thumb Code     0  libinit2.o(.ARM.Collect$$libinit$$00000032)
    __rt_lib_init_fp_1                       0x08000173   Thumb Code     0  libinit2.o(.ARM.Collect$$libinit$$00000002)
    __rt_lib_init_fp_trap_1                  0x08000173   Thumb Code     0  libinit2.o(.ARM.Collect$$libinit$$00000021)
    __rt_lib_init_getenv_1                   0x08000173   Thumb Code     0  libinit2.o(.ARM.Collect$$libinit$$00000025)
    __rt_lib_init_heap_1                     0x08000173   Thumb Code     0  libinit2.o(.ARM.Collect$$libinit$$0000000C)
    __rt_lib_init_lc_collate_1               0x08000173   Thumb Code     0  libinit2.o(.ARM.Collect$$libinit$$00000013)
    __rt_lib_init_lc_ctype_1                 0x08000173   Thumb Code     0  libinit2.o(.ARM.Collect$$libinit$$00000015)
    __rt_lib_init_lc_monetary_1              0x08000173   Thumb Code     0  libinit2.o(.ARM.Collect$$libinit$$00000017)
    __rt_lib_init_lc_numeric_1               0x08000173   Thumb Code     0  libinit2.o(.ARM.Collect$$libinit$$00000019)
    __rt_lib_init_lc_time_1                  0x08000173   Thumb Code     0  libinit2.o(.ARM.Collect$$libinit$$0000001B)
    __rt_lib_init_preinit_1                  0x08000173   Thumb Code     0  libinit2.o(.ARM.Collect$$libinit$$00000006)
    __rt_lib_init_rand_1                     0x08000173   Thumb Code     0  libinit2.o(.ARM.Collect$$libinit$$00000010)
    __rt_lib_init_relocate_pie_1             0x08000173   Thumb Code     0  libinit2.o(.ARM.Collect$$libinit$$00000004)
    __rt_lib_init_return                     0x08000173   Thumb Code     0  libinit2.o(.ARM.Collect$$libinit$$00000035)
    __rt_lib_init_signal_1                   0x08000173   Thumb Code     0  libinit2.o(.ARM.Collect$$libinit$$0000001F)
    __rt_lib_init_stdio_1                    0x08000173   Thumb Code     0  libinit2.o(.ARM.Collect$$libinit$$00000027)
    __rt_lib_init_user_alloc_1               0x08000173   Thumb Code     0  libinit2.o(.ARM.Collect$$libinit$$0000000E)
    __rt_lib_shutdown                        0x08000175   Thumb Code     0  libshutdown.o(.ARM.Collect$$libshutdown$$00000000)
    __rt_lib_shutdown_cpp_1                  0x08000177   Thumb Code     0  libshutdown2.o(.ARM.Collect$$libshutdown$$00000002)
    __rt_lib_shutdown_fp_trap_1              0x08000177   Thumb Code     0  libshutdown2.o(.ARM.Collect$$libshutdown$$00000007)
    __rt_lib_shutdown_heap_1                 0x08000177   Thumb Code     0  libshutdown2.o(.ARM.Collect$$libshutdown$$0000000F)
    __rt_lib_shutdown_return                 0x08000177   Thumb Code     0  libshutdown2.o(.ARM.Collect$$libshutdown$$00000010)
    __rt_lib_shutdown_signal_1               0x08000177   Thumb Code     0  libshutdown2.o(.ARM.Collect$$libshutdown$$0000000A)
    __rt_lib_shutdown_stdio_1                0x08000177   Thumb Code     0  libshutdown2.o(.ARM.Collect$$libshutdown$$00000004)
    __rt_lib_shutdown_user_alloc_1           0x08000177   Thumb Code     0  libshutdown2.o(.ARM.Collect$$libshutdown$$0000000C)
    __rt_entry                               0x08000179   Thumb Code     0  __rtentry.o(.ARM.Collect$$rtentry$$00000000)
    __rt_entry_presh_1                       0x08000179   Thumb Code     0  __rtentry2.o(.ARM.Collect$$rtentry$$00000002)
    __rt_entry_sh                            0x08000179   Thumb Code     0  __rtentry4.o(.ARM.Collect$$rtentry$$00000004)
    __rt_entry_li                            0x0800017f   Thumb Code     0  __rtentry2.o(.ARM.Collect$$rtentry$$0000000A)
    __rt_entry_postsh_1                      0x0800017f   Thumb Code     0  __rtentry2.o(.ARM.Collect$$rtentry$$00000009)
    __rt_entry_main                          0x08000183   Thumb Code     0  __rtentry2.o(.ARM.Collect$$rtentry$$0000000D)
    __rt_entry_postli_1                      0x08000183   Thumb Code     0  __rtentry2.o(.ARM.Collect$$rtentry$$0000000C)
    __rt_exit                                0x0800018b   Thumb Code     0  rtexit.o(.ARM.Collect$$rtexit$$00000000)
    __rt_exit_ls                             0x0800018d   Thumb Code     0  rtexit2.o(.ARM.Collect$$rtexit$$00000003)
    __rt_exit_prels_1                        0x0800018d   Thumb Code     0  rtexit2.o(.ARM.Collect$$rtexit$$00000002)
    __rt_exit_exit                           0x08000191   Thumb Code     0  rtexit2.o(.ARM.Collect$$rtexit$$00000004)
    Reset_Handler                            0x08000199   Thumb Code     8  startup_stm32f10x_md.o(.text)
    NMI_Handler                              0x080001a1   Thumb Code     2  startup_stm32f10x_md.o(.text)
    HardFault_Handler                        0x080001a3   Thumb Code     2  startup_stm32f10x_md.o(.text)
    MemManage_Handler                        0x080001a5   Thumb Code     2  startup_stm32f10x_md.o(.text)
    BusFault_Handler                         0x080001a7   Thumb Code     2  startup_stm32f10x_md.o(.text)
    UsageFault_Handler                       0x080001a9   Thumb Code     2  startup_stm32f10x_md.o(.text)
    SVC_Handler                              0x080001ab   Thumb Code     2  startup_stm32f10x_md.o(.text)
    DebugMon_Handler                         0x080001ad   Thumb Code     2  startup_stm32f10x_md.o(.text)
    PendSV_Handler                           0x080001af   Thumb Code     2  startup_stm32f10x_md.o(.text)
    SysTick_Handler                          0x080001b1   Thumb Code     2  startup_stm32f10x_md.o(.text)
    ADC1_2_IRQHandler                        0x080001b3   Thumb Code     0  startup_stm32f10x_md.o(.text)
    CAN1_RX1_IRQHandler                      0x080001b3   Thumb Code     0  startup_stm32f10x_md.o(.text)
    CAN1_SCE_IRQHandler                      0x080001b3   Thumb Code     0  startup_stm32f10x_md.o(.text)
    DMA1_Channel1_IRQHandler                 0x080001b3   Thumb Code     0  startup_stm32f10x_md.o(.text)
    DMA1_Channel2_IRQHandler                 0x080001b3   Thumb Code     0  startup_stm32f10x_md.o(.text)
    DMA1_Channel3_IRQHandler                 0x080001b3   Thumb Code     0  startup_stm32f10x_md.o(.text)
    DMA1_Channel4_IRQHandler                 0x080001b3   Thumb Code     0  startup_stm32f10x_md.o(.text)
    DMA1_Channel5_IRQHandler                 0x080001b3   Thumb Code     0  startup_stm32f10x_md.o(.text)
    DMA1_Channel6_IRQHandler                 0x080001b3   Thumb Code     0  startup_stm32f10x_md.o(.text)
    DMA1_Channel7_IRQHandler                 0x080001b3   Thumb Code     0  startup_stm32f10x_md.o(.text)
    EXTI0_IRQHandler                         0x080001b3   Thumb Code     0  startup_stm32f10x_md.o(.text)
    EXTI15_10_IRQHandler                     0x080001b3   Thumb Code     0  startup_stm32f10x_md.o(.text)
    EXTI1_IRQHandler                         0x080001b3   Thumb Code     0  startup_stm32f10x_md.o(.text)
    EXTI2_IRQHandler                         0x080001b3   Thumb Code     0  startup_stm32f10x_md.o(.text)
    EXTI3_IRQHandler                         0x080001b3   Thumb Code     0  startup_stm32f10x_md.o(.text)
    EXTI4_IRQHandler                         0x080001b3   Thumb Code     0  startup_stm32f10x_md.o(.text)
    EXTI9_5_IRQHandler                       0x080001b3   Thumb Code     0  startup_stm32f10x_md.o(.text)
    FLASH_IRQHandler                         0x080001b3   Thumb Code     0  startup_stm32f10x_md.o(.text)
    I2C1_ER_IRQHandler                       0x080001b3   Thumb Code     0  startup_stm32f10x_md.o(.text)
    I2C1_EV_IRQHandler                       0x080001b3   Thumb Code     0  startup_stm32f10x_md.o(.text)
    I2C2_ER_IRQHandler                       0x080001b3   Thumb Code     0  startup_stm32f10x_md.o(.text)
    I2C2_EV_IRQHandler                       0x080001b3   Thumb Code     0  startup_stm32f10x_md.o(.text)
    PVD_IRQHandler                           0x080001b3   Thumb Code     0  startup_stm32f10x_md.o(.text)
    RCC_IRQHandler                           0x080001b3   Thumb Code     0  startup_stm32f10x_md.o(.text)
    RTCAlarm_IRQHandler                      0x080001b3   Thumb Code     0  startup_stm32f10x_md.o(.text)
    RTC_IRQHandler                           0x080001b3   Thumb Code     0  startup_stm32f10x_md.o(.text)
    SPI1_IRQHandler                          0x080001b3   Thumb Code     0  startup_stm32f10x_md.o(.text)
    SPI2_IRQHandler                          0x080001b3   Thumb Code     0  startup_stm32f10x_md.o(.text)
    TAMPER_IRQHandler                        0x080001b3   Thumb Code     0  startup_stm32f10x_md.o(.text)
    TIM1_BRK_IRQHandler                      0x080001b3   Thumb Code     0  startup_stm32f10x_md.o(.text)
    TIM1_CC_IRQHandler                       0x080001b3   Thumb Code     0  startup_stm32f10x_md.o(.text)
    TIM1_TRG_COM_IRQHandler                  0x080001b3   Thumb Code     0  startup_stm32f10x_md.o(.text)
    USBWakeUp_IRQHandler                     0x080001b3   Thumb Code     0  startup_stm32f10x_md.o(.text)
    USB_HP_CAN1_TX_IRQHandler                0x080001b3   Thumb Code     0  startup_stm32f10x_md.o(.text)
    USB_LP_CAN1_RX0_IRQHandler               0x080001b3   Thumb Code     0  startup_stm32f10x_md.o(.text)
    WWDG_IRQHandler                          0x080001b3   Thumb Code     0  startup_stm32f10x_md.o(.text)
    __user_initial_stackheap                 0x080001b5   Thumb Code     0  startup_stm32f10x_md.o(.text)
    __use_two_region_memory                  0x080001d9   Thumb Code     2  heapauxi.o(.text)
    __rt_heap_escrow$2region                 0x080001db   Thumb Code     2  heapauxi.o(.text)
    __rt_heap_expand$2region                 0x080001dd   Thumb Code     2  heapauxi.o(.text)
    __user_setup_stackheap                   0x080001df   Thumb Code    74  sys_stackheap_outer.o(.text)
    exit                                     0x08000229   Thumb Code    18  exit.o(.text)
    __user_libspace                          0x0800023d   Thumb Code     8  libspace.o(.text)
    __user_perproc_libspace                  0x0800023d   Thumb Code     0  libspace.o(.text)
    __user_perthread_libspace                0x0800023d   Thumb Code     0  libspace.o(.text)
    _sys_exit                                0x08000245   Thumb Code     8  sys_exit.o(.text)
    __I$use$semihosting                      0x08000251   Thumb Code     0  use_no_semi.o(.text)
    __use_no_semihosting_swi                 0x08000251   Thumb Code     2  use_no_semi.o(.text)
    __semihosting_library_function           0x08000253   Thumb Code     0  indicate_semi.o(.text)
    CNT_Handler_phase_A                      0x08000255   Thumb Code    34  mytimer.o(.text.CNT_Handler_phase_A)
    CNT_Handler_phase_B                      0x08000279   Thumb Code    38  mytimer.o(.text.CNT_Handler_phase_B)
    Conf_capture_phaseAB                     0x080002a1   Thumb Code   130  mytimer.o(.text.Conf_capture_phaseAB)
    Init_Girouette                           0x08000325   Thumb Code    86  mygirouette.o(.text.Init_Girouette)
    MyTimer_Base_Init                        0x0800037d   Thumb Code   166  mytimer.o(.text.MyTimer_Base_Init)
    SystemInit                               0x08000551   Thumb Code   102  system_stm32f10x.o(.text.SystemInit)
    TIM1_UP_IRQHandler                       0x080005b9   Thumb Code    32  mytimer.o(.text.TIM1_UP_IRQHandler)
    TIM2_IRQHandler                          0x080005d9   Thumb Code    30  mytimer.o(.text.TIM2_IRQHandler)
    TIM3_IRQHandler                          0x080005f9   Thumb Code    32  mytimer.o(.text.TIM3_IRQHandler)
    TIM4_IRQHandler                          0x08000619   Thumb Code    32  mytimer.o(.text.TIM4_IRQHandler)
    USART1_IRQHandler                        0x08000639   Thumb Code    48  myuart.o(.text.USART1_IRQHandler)
    USART2_IRQHandler                        0x08000669   Thumb Code    48  myuart.o(.text.USART2_IRQHandler)
    USART3_IRQHandler                        0x08000699   Thumb Code    48  myuart.o(.text.USART3_IRQHandler)
    ajuster_voile                            0x080006f9   Thumb Code   140  mygirouette.o(.text.ajuster_voile)
    configureInputGPIO                       0x08000785   Thumb Code   338  gpio.o(.text.configureInputGPIO)
    convertir_angle                          0x080008d9   Thumb Code    60  mygirouette.o(.text.convertir_angle)
    lire_angle                               0x08000915   Thumb Code   128  mygirouette.o(.text.lire_angle)
    main                                     0x08000995   Thumb Code   128  principal.o(.text.main)
    my_PWM_set_cycle                         0x08000a15   Thumb Code   120  mytimer.o(.text.my_PWM_set_cycle)
    setupClock                               0x08000a8d   Thumb Code   144  gpio.o(.text.setupClock)
    __aeabi_dadd                             0x08000b1d   Thumb Code     0  daddsub_clz.o(x$fpl$dadd)
    _dadd                                    0x08000b1d   Thumb Code   332  daddsub_clz.o(x$fpl$dadd)
    __aeabi_d2iz                             0x08000c6d   Thumb Code     0  dfix.o(x$fpl$dfix)
    _dfix                                    0x08000c6d   Thumb Code    94  dfix.o(x$fpl$dfix)
    __aeabi_i2d                              0x08000ccb   Thumb Code     0  dflt_clz.o(x$fpl$dflt)
    _dflt                                    0x08000ccb   Thumb Code    46  dflt_clz.o(x$fpl$dflt)
    __aeabi_dmul                             0x08000cf9   Thumb Code     0  dmul.o(x$fpl$dmul)
    _dmul                                    0x08000cf9   Thumb Code   332  dmul.o(x$fpl$dmul)
    __fpl_dnaninf                            0x08000e4d   Thumb Code   156  dnaninf.o(x$fpl$dnaninf)
    __fpl_dretinf                            0x08000ee9   Thumb Code    12  dretinf.o(x$fpl$dretinf)
    __aeabi_dsub                             0x08000ef5   Thumb Code     0  daddsub_clz.o(x$fpl$dsub)
    _dsub                                    0x08000ef5   Thumb Code   472  daddsub_clz.o(x$fpl$dsub)
    Region$$Table$$Base                      0x080010d0   Number         0  anon$$obj.o(Region$$Table)
    __I$use$fp                               0x080010d0   Number         0  usenofp.o(x$fpl$usenofp)
    Region$$Table$$Limit                     0x080010e0   Number         0  anon$$obj.o(Region$$Table)
    __libspace_start                         0x20000000   Data          96  libspace.o(.bss)
    TIM1_func                                0x20000060   Data           4  mytimer.o(.bss.TIM1_func)
    __temporary_stack_top$libspace           0x20000060   Data           0  libspace.o(.bss)
    TIM2_func                                0x20000064   Data           4  mytimer.o(.bss.TIM2_func)
    TIM3_func                                0x20000068   Data           4  mytimer.o(.bss.TIM3_func)
    TIM4_func                                0x2000006c   Data           4  mytimer.o(.bss.TIM4_func)
    callbackUART1                            0x20000070   Data           4  myuart.o(.bss.callbackUART1)
    callbackUART2                            0x20000074   Data           4  myuart.o(.bss.callbackUART2)
    callbackUART3                            0x20000078   Data           4  myuart.o(.bss.callbackUART3)
    last_phase_a                             0x2000007c   Data           4  mygirouette.o(.bss.last_phase_a)
    last_phase_b                             0x20000080   Data           4  mygirouette.o(.bss.last_phase_b)
    lire_I                                   0x20000084   Data           4  mytimer.o(.bss.lire_I)
    lire_phase_A                             0x20000088   Data           4  mytimer.o(.bss.lire_phase_A)
    lire_phase_B                             0x2000008c   Data           4  mytimer.o(.bss.lire_phase_B)



==============================================================================

Memory Map of the image

  Image Entry point : 0x08000199

  Load Region LR_1 (Base: 0x08000000, Size: 0x000010e0, Max: 0xffffffff, ABSOLUTE)

    Execution Region ER_RO (Exec base: 0x08000000, Load base: 0x08000000, Size: 0x000010e0, Max: 0xffffffff, ABSOLUTE)

    Exec Addr    Load Addr    Size         Type   Attr      Idx    E Section Name        Object

    0x08000000   0x08000000   0x000000ec   Data   RO          124    RESET               startup_stm32f10x_md.o
    0x080000ec   0x080000ec   0x00000008   Code   RO          152  * !!!main             c_w.l(__main.o)
    0x080000f4   0x080000f4   0x0000005c   Code   RO          344    !!!scatter          c_w.l(__scatter.o)
    0x08000150   0x08000150   0x00000002   Code   RO          345    !!handler_null      c_w.l(__scatter.o)
    0x08000152   0x08000152   0x00000002   PAD
    0x08000154   0x08000154   0x0000001c   Code   RO          348    !!handler_zi        c_w.l(__scatter_zi.o)
    0x08000170   0x08000170   0x00000002   Code   RO          206    .ARM.Collect$$libinit$$00000000  c_w.l(libinit.o)
    0x08000172   0x08000172   0x00000000   Code   RO          213    .ARM.Collect$$libinit$$00000002  c_w.l(libinit2.o)
    0x08000172   0x08000172   0x00000000   Code   RO          215    .ARM.Collect$$libinit$$00000004  c_w.l(libinit2.o)
    0x08000172   0x08000172   0x00000000   Code   RO          217    .ARM.Collect$$libinit$$00000006  c_w.l(libinit2.o)
    0x08000172   0x08000172   0x00000000   Code   RO          220    .ARM.Collect$$libinit$$0000000C  c_w.l(libinit2.o)
    0x08000172   0x08000172   0x00000000   Code   RO          222    .ARM.Collect$$libinit$$0000000E  c_w.l(libinit2.o)
    0x08000172   0x08000172   0x00000000   Code   RO          224    .ARM.Collect$$libinit$$00000010  c_w.l(libinit2.o)
    0x08000172   0x08000172   0x00000000   Code   RO          227    .ARM.Collect$$libinit$$00000013  c_w.l(libinit2.o)
    0x08000172   0x08000172   0x00000000   Code   RO          229    .ARM.Collect$$libinit$$00000015  c_w.l(libinit2.o)
    0x08000172   0x08000172   0x00000000   Code   RO          231    .ARM.Collect$$libinit$$00000017  c_w.l(libinit2.o)
    0x08000172   0x08000172   0x00000000   Code   RO          233    .ARM.Collect$$libinit$$00000019  c_w.l(libinit2.o)
    0x08000172   0x08000172   0x00000000   Code   RO          235    .ARM.Collect$$libinit$$0000001B  c_w.l(libinit2.o)
    0x08000172   0x08000172   0x00000000   Code   RO          237    .ARM.Collect$$libinit$$0000001D  c_w.l(libinit2.o)
    0x08000172   0x08000172   0x00000000   Code   RO          239    .ARM.Collect$$libinit$$0000001F  c_w.l(libinit2.o)
    0x08000172   0x08000172   0x00000000   Code   RO          241    .ARM.Collect$$libinit$$00000021  c_w.l(libinit2.o)
    0x08000172   0x08000172   0x00000000   Code   RO          243    .ARM.Collect$$libinit$$00000023  c_w.l(libinit2.o)
    0x08000172   0x08000172   0x00000000   Code   RO          245    .ARM.Collect$$libinit$$00000025  c_w.l(libinit2.o)
    0x08000172   0x08000172   0x00000000   Code   RO          247    .ARM.Collect$$libinit$$00000027  c_w.l(libinit2.o)
    0x08000172   0x08000172   0x00000000   Code   RO          251    .ARM.Collect$$libinit$$0000002E  c_w.l(libinit2.o)
    0x08000172   0x08000172   0x00000000   Code   RO          253    .ARM.Collect$$libinit$$00000030  c_w.l(libinit2.o)
    0x08000172   0x08000172   0x00000000   Code   RO          255    .ARM.Collect$$libinit$$00000032  c_w.l(libinit2.o)
    0x08000172   0x08000172   0x00000000   Code   RO          257    .ARM.Collect$$libinit$$00000034  c_w.l(libinit2.o)
    0x08000172   0x08000172   0x00000002   Code   RO          258    .ARM.Collect$$libinit$$00000035  c_w.l(libinit2.o)
    0x08000174   0x08000174   0x00000002   Code   RO          280    .ARM.Collect$$libshutdown$$00000000  c_w.l(libshutdown.o)
    0x08000176   0x08000176   0x00000000   Code   RO          295    .ARM.Collect$$libshutdown$$00000002  c_w.l(libshutdown2.o)
    0x08000176   0x08000176   0x00000000   Code   RO          297    .ARM.Collect$$libshutdown$$00000004  c_w.l(libshutdown2.o)
    0x08000176   0x08000176   0x00000000   Code   RO          300    .ARM.Collect$$libshutdown$$00000007  c_w.l(libshutdown2.o)
    0x08000176   0x08000176   0x00000000   Code   RO          303    .ARM.Collect$$libshutdown$$0000000A  c_w.l(libshutdown2.o)
    0x08000176   0x08000176   0x00000000   Code   RO          305    .ARM.Collect$$libshutdown$$0000000C  c_w.l(libshutdown2.o)
    0x08000176   0x08000176   0x00000000   Code   RO          308    .ARM.Collect$$libshutdown$$0000000F  c_w.l(libshutdown2.o)
    0x08000176   0x08000176   0x00000002   Code   RO          309    .ARM.Collect$$libshutdown$$00000010  c_w.l(libshutdown2.o)
    0x08000178   0x08000178   0x00000000   Code   RO          176    .ARM.Collect$$rtentry$$00000000  c_w.l(__rtentry.o)
    0x08000178   0x08000178   0x00000000   Code   RO          183    .ARM.Collect$$rtentry$$00000002  c_w.l(__rtentry2.o)
    0x08000178   0x08000178   0x00000006   Code   RO          195    .ARM.Collect$$rtentry$$00000004  c_w.l(__rtentry4.o)
    0x0800017e   0x0800017e   0x00000000   Code   RO          185    .ARM.Collect$$rtentry$$00000009  c_w.l(__rtentry2.o)
    0x0800017e   0x0800017e   0x00000004   Code   RO          186    .ARM.Collect$$rtentry$$0000000A  c_w.l(__rtentry2.o)
    0x08000182   0x08000182   0x00000000   Code   RO          188    .ARM.Collect$$rtentry$$0000000C  c_w.l(__rtentry2.o)
    0x08000182   0x08000182   0x00000008   Code   RO          189    .ARM.Collect$$rtentry$$0000000D  c_w.l(__rtentry2.o)
    0x0800018a   0x0800018a   0x00000002   Code   RO          210    .ARM.Collect$$rtexit$$00000000  c_w.l(rtexit.o)
    0x0800018c   0x0800018c   0x00000000   Code   RO          260    .ARM.Collect$$rtexit$$00000002  c_w.l(rtexit2.o)
    0x0800018c   0x0800018c   0x00000004   Code   RO          261    .ARM.Collect$$rtexit$$00000003  c_w.l(rtexit2.o)
    0x08000190   0x08000190   0x00000006   Code   RO          262    .ARM.Collect$$rtexit$$00000004  c_w.l(rtexit2.o)
    0x08000196   0x08000196   0x00000002   PAD
    0x08000198   0x08000198   0x00000040   Code   RO          125  * .text               startup_stm32f10x_md.o
    0x080001d8   0x080001d8   0x00000006   Code   RO          150    .text               c_w.l(heapauxi.o)
    0x080001de   0x080001de   0x0000004a   Code   RO          197    .text               c_w.l(sys_stackheap_outer.o)
    0x08000228   0x08000228   0x00000012   Code   RO          199    .text               c_w.l(exit.o)
    0x0800023a   0x0800023a   0x00000002   PAD
    0x0800023c   0x0800023c   0x00000008   Code   RO          207    .text               c_w.l(libspace.o)
    0x08000244   0x08000244   0x0000000c   Code   RO          270    .text               c_w.l(sys_exit.o)
    0x08000250   0x08000250   0x00000002   Code   RO          285    .text               c_w.l(use_no_semi.o)
    0x08000252   0x08000252   0x00000000   Code   RO          287    .text               c_w.l(indicate_semi.o)
    0x08000252   0x08000252   0x00000002   PAD
    0x08000254   0x08000254   0x00000022   Code   RO           42    .text.CNT_Handler_phase_A  mytimer.o
    0x08000276   0x08000276   0x00000002   PAD
    0x08000278   0x08000278   0x00000026   Code   RO           44    .text.CNT_Handler_phase_B  mytimer.o
    0x0800029e   0x0800029e   0x00000002   PAD
    0x080002a0   0x080002a0   0x00000082   Code   RO           46    .text.Conf_capture_phaseAB  mytimer.o
    0x08000322   0x08000322   0x00000002   PAD
    0x08000324   0x08000324   0x00000056   Code   RO           22    .text.Init_Girouette  mygirouette.o
    0x0800037a   0x0800037a   0x00000002   PAD
    0x0800037c   0x0800037c   0x000000a6   Code   RO           40    .text.MyTimer_Base_Init  mytimer.o
    0x08000422   0x08000422   0x00000002   PAD
    0x08000424   0x08000424   0x00000008   Code   RO          134    .text.SetSysClock   system_stm32f10x.o
    0x0800042c   0x0800042c   0x00000122   Code   RO          138    .text.SetSysClockTo72  system_stm32f10x.o
    0x0800054e   0x0800054e   0x00000002   PAD
    0x08000550   0x08000550   0x00000066   Code   RO          132    .text.SystemInit    system_stm32f10x.o
    0x080005b6   0x080005b6   0x00000002   PAD
    0x080005b8   0x080005b8   0x00000020   Code   RO           58    .text.TIM1_UP_IRQHandler  mytimer.o
    0x080005d8   0x080005d8   0x0000001e   Code   RO           60    .text.TIM2_IRQHandler  mytimer.o
    0x080005f6   0x080005f6   0x00000002   PAD
    0x080005f8   0x080005f8   0x00000020   Code   RO           62    .text.TIM3_IRQHandler  mytimer.o
    0x08000618   0x08000618   0x00000020   Code   RO           64    .text.TIM4_IRQHandler  mytimer.o
    0x08000638   0x08000638   0x00000030   Code   RO           86    .text.USART1_IRQHandler  myuart.o
    0x08000668   0x08000668   0x00000030   Code   RO           88    .text.USART2_IRQHandler  myuart.o
    0x08000698   0x08000698   0x00000030   Code   RO           90    .text.USART3_IRQHandler  myuart.o
    0x080006c8   0x080006c8   0x00000030   Code   RO           48    .text.__NVIC_EnableIRQ  mytimer.o
    0x080006f8   0x080006f8   0x0000008c   Code   RO           28    .text.ajuster_voile  mygirouette.o
    0x08000784   0x08000784   0x00000152   Code   RO          104    .text.configureInputGPIO  gpio.o
    0x080008d6   0x080008d6   0x00000002   PAD
    0x080008d8   0x080008d8   0x0000003c   Code   RO           26    .text.convertir_angle  mygirouette.o
    0x08000914   0x08000914   0x00000080   Code   RO           24    .text.lire_angle    mygirouette.o
    0x08000994   0x08000994   0x00000080   Code   RO            2    .text.main          principal.o
    0x08000a14   0x08000a14   0x00000078   Code   RO           56    .text.my_PWM_set_cycle  mytimer.o
    0x08000a8c   0x08000a8c   0x00000090   Code   RO          102    .text.setupClock    gpio.o
    0x08000b1c   0x08000b1c   0x00000150   Code   RO          154    x$fpl$dadd          fz_ws.l(daddsub_clz.o)
    0x08000c6c   0x08000c6c   0x0000005e   Code   RO          164    x$fpl$dfix          fz_ws.l(dfix.o)
    0x08000cca   0x08000cca   0x0000002e   Code   RO          169    x$fpl$dflt          fz_ws.l(dflt_clz.o)
    0x08000cf8   0x08000cf8   0x00000154   Code   RO          174    x$fpl$dmul          fz_ws.l(dmul.o)
    0x08000e4c   0x08000e4c   0x0000009c   Code   RO          177    x$fpl$dnaninf       fz_ws.l(dnaninf.o)
    0x08000ee8   0x08000ee8   0x0000000c   Code   RO          179    x$fpl$dretinf       fz_ws.l(dretinf.o)
    0x08000ef4   0x08000ef4   0x000001dc   Code   RO          156    x$fpl$dsub          fz_ws.l(daddsub_clz.o)
    0x080010d0   0x080010d0   0x00000000   Code   RO          181    x$fpl$usenofp       fz_ws.l(usenofp.o)
    0x080010d0   0x080010d0   0x00000010   Data   RO          343    Region$$Table       anon$$obj.o


    Execution Region ER_RW (Exec base: 0x20000000, Load base: 0x080010e0, Size: 0x00000000, Max: 0xffffffff, ABSOLUTE)

    **** No section assigned to this execution region ****


    Execution Region ER_ZI (Exec base: 0x20000000, Load base: 0x080010e0, Size: 0x00000690, Max: 0xffffffff, ABSOLUTE)

    Exec Addr    Load Addr    Size         Type   Attr      Idx    E Section Name        Object

    0x20000000        -       0x00000060   Zero   RW          208    .bss                c_w.l(libspace.o)
    0x20000060        -       0x00000004   Zero   RW           71    .bss.TIM1_func      mytimer.o
    0x20000064        -       0x00000004   Zero   RW           69    .bss.TIM2_func      mytimer.o
    0x20000068        -       0x00000004   Zero   RW           70    .bss.TIM3_func      mytimer.o
    0x2000006c        -       0x00000004   Zero   RW           72    .bss.TIM4_func      mytimer.o
    0x20000070        -       0x00000004   Zero   RW           92    .bss.callbackUART1  myuart.o
    0x20000074        -       0x00000004   Zero   RW           93    .bss.callbackUART2  myuart.o
    0x20000078        -       0x00000004   Zero   RW           94    .bss.callbackUART3  myuart.o
    0x2000007c        -       0x00000004   Zero   RW           31    .bss.last_phase_a   mygirouette.o
    0x20000080        -       0x00000004   Zero   RW           32    .bss.last_phase_b   mygirouette.o
    0x20000084        -       0x00000004   Zero   RW           68    .bss.lire_I         mytimer.o
    0x20000088        -       0x00000004   Zero   RW           66    .bss.lire_phase_A   mytimer.o
    0x2000008c        -       0x00000004   Zero   RW           67    .bss.lire_phase_B   mytimer.o
    0x20000090        -       0x00000200   Zero   RW          123    HEAP                startup_stm32f10x_md.o
    0x20000290        -       0x00000400   Zero   RW          122    STACK               startup_stm32f10x_md.o


==============================================================================

Image component sizes


      Code (inc. data)   RO Data    RW Data    ZI Data      Debug   Object Name

       482          0          0          0          0       2804   gpio.o
       414          0          0          0          8       2674   mygirouette.o
       662          0          0          0         28       6432   mytimer.o
       144          0          0          0         12       2673   myuart.o
       128          0          0          0          0       2037   principal.o
        64         26        236          0       1536        836   startup_stm32f10x_md.o
       400          0          0          0          0       2938   system_stm32f10x.o

    ----------------------------------------------------------------------
      2312         26        252          0       1584      20394   Object Totals
         0          0         16          0          0          0   (incl. Generated)
        18          0          0          0          0          0   (incl. Padding)

    ----------------------------------------------------------------------

      Code (inc. data)   RO Data    RW Data    ZI Data      Debug   Library Member Name

         8          0          0          0          0         68   __main.o
         0          0          0          0          0          0   __rtentry.o
        12          0          0          0          0          0   __rtentry2.o
         6          0          0          0          0          0   __rtentry4.o
        94          8          0          0          0          0   __scatter.o
        28          0          0          0          0          0   __scatter_zi.o
        18          0          0          0          0         80   exit.o
         6          0          0          0          0        152   heapauxi.o
         0          0          0          0          0          0   indicate_semi.o
         2          0          0          0          0          0   libinit.o
         2          0          0          0          0          0   libinit2.o
         2          0          0          0          0          0   libshutdown.o
         2          0          0          0          0          0   libshutdown2.o
         8          4          0          0         96         68   libspace.o
         2          0          0          0          0          0   rtexit.o
        10          0          0          0          0          0   rtexit2.o
        12          4          0          0          0         68   sys_exit.o
        74          0          0          0          0         80   sys_stackheap_outer.o
         2          0          0          0          0         68   use_no_semi.o
       812         16          0          0          0        296   daddsub_clz.o
        94          4          0          0          0         92   dfix.o
        46          0          0          0          0         68   dflt_clz.o
       340         12          0          0          0        104   dmul.o
       156          4          0          0          0         92   dnaninf.o
        12          0          0          0          0         68   dretinf.o
         0          0          0          0          0          0   usenofp.o

    ----------------------------------------------------------------------
      1756         52          0          0         96       1304   Library Totals
         8          0          0          0          0          0   (incl. Padding)

    ----------------------------------------------------------------------

      Code (inc. data)   RO Data    RW Data    ZI Data      Debug   Library Name

       288         16          0          0         96        584   c_w.l
      1460         36          0          0          0        720   fz_ws.l

    ----------------------------------------------------------------------
      1756         52          0          0         96       1304   Library Totals

    ----------------------------------------------------------------------

==============================================================================


      Code (inc. data)   RO Data    RW Data    ZI Data      Debug   

      4068         78        252          0       1680      21126   Grand Totals
      4068         78        252          0       1680      21126   ELF Image Totals
      4068         78        252          0          0          0   ROM Totals

==============================================================================

    Total RO  Size (Code + RO Data)                 4320 (   4.22kB)
    Total RW  Size (RW Data + ZI Data)              1680 (   1.64kB)
    Total ROM Size (Code + RO Data + RW Data)       4320 (   4.22kB)

==============================================================================

